// Jest Snapshot v1, https://goo.gl/fbAQLP

exports[`should match snapshot 1`] = `
<div
  className="p-5 container"
>
  <div
    className="row"
  >
    <div
      className="col-sm-6"
    >
      <div
        className="menu-card card card-body"
      >
        <div
          className="menu-card-title card-title"
        >
          Movies
        </div>
        <p
          className="menu-card-body card-text"
        >
          Movies move us like nothing else can, whether theyâ€™re scary, funny,
        dramatic, romantic or anywhere in-between. So many titles, so much to
        experience.
        </p>
        <a
          className="btn btn-primary"
          href="/movies"
          onClick={[Function]}
        >
          Browse 
          Movies
        </a>
      </div>
    </div>
    <div
      className="col-sm-6"
    >
      <div
        className="menu-card card card-body"
      >
        <div
          className="menu-card-title card-title"
        >
          Series
        </div>
        <p
          className="menu-card-body card-text"
        >
          These days, the small screen has some very big things to offer. From sitcoms to dramas to travel and talk shows, these are all the best programs on TV
        </p>
        <a
          className="btn btn-primary"
          href="/series"
          onClick={[Function]}
        >
          Browse 
          Series
        </a>
      </div>
    </div>
  </div>
  <div
    className="mt-5 row"
  >
    <div
      className="text-center mt-5 col-md-12"
    >
      <h4>
        Unlimited movies, TV shows, and more.
      </h4>
    </div>
    <div
      className="text-center p-4 search  col"
    >
      <form
        className=""
      >
        <div
          className="row form-group"
        >
          <div
            className="m-auto col-sm-10"
          >
            <input
              className="form-control-lg form-control"
              name="searchTerm"
              type="search"
            />
          </div>
        </div>
        <div
          className="row"
        >
          <div
            className="text-center col"
          >
            <button
              aria-label={null}
              className="search-btn btn btn-secondary"
              onClick={[Function]}
            >
              Search
            </button>
          </div>
        </div>
      </form>
    </div>
  </div>
</div>
`;
