// Jest Snapshot v1, https://goo.gl/fbAQLP

exports[`should match snapshot 1`] = `
<div
  className="container"
>
  <div
    className="mt-3 row"
  >
    <div
      className="text-center mt-5 col-md-12"
    >
      <h4>
        Unlimited movies, TV shows, and more.
      </h4>
    </div>
    <div
      className="text-center p-4 search  col"
    >
      <form
        className=""
      >
        <div
          className="row form-group"
        >
          <div
            className="m-auto col-sm-10"
          >
            <input
              className="form-control-lg form-control"
              name="searchTerm"
              type="search"
            />
          </div>
        </div>
        <div
          className="row"
        >
          <div
            className="text-center col"
          >
            <button
              aria-label={null}
              className="search-btn btn btn-secondary"
              onClick={[Function]}
            >
              Search
            </button>
          </div>
        </div>
      </form>
    </div>
  </div>
  <div
    className="mt-2 row"
  >
    <div
      className="mt-5 container-fluid"
    >
      <div
        className="mb-5 justify-content-center row"
      >
        <div
          className="text-center col-md-6"
        >
          <h3
            className="appology-msg mb-3"
          />
          <img
            alt="page not found"
            className="img-fluid mt-3 mb-3"
            src="error.svg"
          />
        </div>
      </div>
    </div>
  </div>
</div>
`;
