// Jest Snapshot v1, https://goo.gl/fbAQLP

exports[`should match snapshot 1`] = `
<div
  className="mt-5 container-fluid"
>
  <div
    className="mb-5 justify-content-center row"
  >
    <div
      className="text-center col-md-6"
    >
      <h3
        className="appology-msg mb-3"
      >
        We are sorry, the page you are looking for does not exist
      </h3>
      <img
        alt="page not found"
        className="img-fluid mt-3 mb-3 no-js-not_found"
        crossOrigin={null}
        sizes={null}
        src="data:image/gif;base64,R0lGODlhAQABAIAAAP///wAAACH5BAEAAAAALAAAAAABAAEAAAICRAEAOw=="
        srcSet={null}
      />
      <noscript>
        <style>
          .no-js-not_found { display: none !important; }
        </style>
        <img
          alt="page not found"
          className="img-fluid mt-3 mb-3"
          crossOrigin={null}
          sizes={null}
          src="not_found.svg"
          srcSet={null}
        />
      </noscript>
      <h3
        className="not-found-text mt-3 mb-5"
      >
         Not Found 
      </h3>
      <button
        className="btn-primary btn mr-3"
        onClick={[Function]}
      >
        Go Back
      </button>
      <a
        className="secondary-option"
        href="/"
        onClick={[Function]}
      >
        Go Home
      </a>
    </div>
  </div>
</div>
`;
