// Jest Snapshot v1, https://goo.gl/fbAQLP

exports[`should match snapshot 1`] = `
<nav
  aria-label="Page navigation text-center"
>
  <ul
    className="pagination justify-content-center"
  />
</nav>
`;
