// Jest Snapshot v1, https://goo.gl/fbAQLP

exports[`Navigation Bar should match snapshot 1`] = `
Array [
  <div>
    <nav
      className="navbar navbar-expand-md navbar-dark bg-transparent"
    >
       
      <a
        aria-current="page"
        className="nav-brand logo-link active"
        href="/"
        onClick={[Function]}
        style={Object {}}
      >
         
        <span
          className="logo"
        >
           
          Movie
          <span
            className="logo-red"
          >
            App
          </span>
           
        </span>
         
      </a>
       
      <button
        aria-label="Toggle navigation"
        className="navbar-toggler"
        onClick={[Function]}
        type="button"
      >
        <span
          className="navbar-toggler-icon"
        />
      </button>
      <div
        className="collapse navbar-collapse"
        style={Object {}}
      >
        <ul
          className="ml-auto navbar-nav"
        >
          <li
            className="nav-item"
          >
            <a
              aria-current={null}
              className="nav-link"
              href="/series"
              onClick={[Function]}
            >
              Series
            </a>
          </li>
          <li
            className="nav-item"
          >
            <a
              aria-current={null}
              className="nav-link"
              href="/movies"
              onClick={[Function]}
            >
              Movies
            </a>
          </li>
        </ul>
      </div>
    </nav>
  </div>,
  " ",
]
`;
